[debug] [2026-08-19T07:17:30.403Z] ----------------------------------------------------------------------
[debug] [2026-08-19T07:17:30.405Z] Command:       /usr/local/bin/node /Users/tozserbela/.npm/_npx/ba4f1959e38407b5/node_modules/.bin/firebase deploy --only hosting --project testapp-angular-452b2
[debug] [2026-08-19T07:17:30.405Z] CLI Version:   15.27.0
[debug] [2026-08-19T07:17:30.405Z] Platform:      darwin
[debug] [2026-08-19T07:17:30.406Z] Node Version:  v22.15.0
[debug] [2026-08-19T07:17:30.406Z] Detected Agent: antigravity
[debug] [2026-08-19T07:17:30.406Z] Time:          Wed Aug 19 2026 19:17:30 GMT+1200 (New Zealand Standard Time)
[debug] [2026-08-19T07:17:30.407Z] ----------------------------------------------------------------------
[debug] 
[debug] [2026-08-19T07:17:30.903Z] > command requires scopes: ["email","openid","https://www.googleapis.com/auth/cloudplatformprojects.readonly","https://www.googleapis.com/auth/firebase","https://www.googleapis.com/auth/cloud-platform"]
[debug] [2026-08-19T07:17:30.904Z] > authorizing via signed-in user (belatozser@escapemasters.co.nz)
[debug] [2026-08-19T07:17:30.904Z] [iam] checking project testapp-angular-452b2 for permissions ["firebase.projects.get","firebasehosting.sites.update"]
[debug] [2026-08-19T07:17:30.909Z] Checked if tokens are valid: true, expires at: 1787126946862
[debug] [2026-08-19T07:17:30.909Z] Checked if tokens are valid: true, expires at: 1787126946862
[debug] [2026-08-19T07:17:30.910Z] >>> [apiv2][query] POST https://cloudresourcemanager.googleapis.com/v1/projects/testapp-angular-452b2:testIamPermissions [none]
[debug] [2026-08-19T07:17:30.910Z] >>> [apiv2][(partial)header] POST https://cloudresourcemanager.googleapis.com/v1/projects/testapp-angular-452b2:testIamPermissions  x-goog-user-project=testapp-angular-452b2
[debug] [2026-08-19T07:17:30.910Z] >>> [apiv2][body] POST https://cloudresourcemanager.googleapis.com/v1/projects/testapp-angular-452b2:testIamPermissions {"permissions":["firebase.projects.get","firebasehosting.sites.update"]}
[debug] [2026-08-19T07:17:31.575Z] <<< [apiv2][status] POST https://cloudresourcemanager.googleapis.com/v1/projects/testapp-angular-452b2:testIamPermissions 403
[debug] [2026-08-19T07:17:31.575Z] <<< [apiv2][body] POST https://cloudresourcemanager.googleapis.com/v1/projects/testapp-angular-452b2:testIamPermissions {"error":{"code":403,"message":"Caller does not have required permission to use project testapp-angular-452b2. Grant the caller the roles/serviceusage.serviceUsageConsumer role, or a custom role with the serviceusage.services.use permission, by visiting https://console.developers.google.com/iam-admin/iam?project=testapp-angular-452b2 and then retry. Propagation of the new permission may take a few minutes.","status":"PERMISSION_DENIED","details":[{"@type":"type.googleapis.com/google.rpc.ErrorInfo","reason":"USER_PROJECT_DENIED","domain":"googleapis.com","metadata":{"containerInfo":"testapp-angular-452b2","service":"cloudresourcemanager.googleapis.com","consoleUrl":"https://console.developers.google.com/iam-admin/iam?project=testapp-angular-452b2","consumer":"projects/testapp-angular-452b2"}},{"@type":"type.googleapis.com/google.rpc.LocalizedMessage","locale":"en-US","message":"Caller does not have required permission to use project testapp-angular-452b2. Grant the caller the roles/serviceusage.serviceUsageConsumer role, or a custom role with the serviceusage.services.use permission, by visiting https://console.developers.google.com/iam-admin/iam?project=testapp-angular-452b2 and then retry. Propagation of the new permission may take a few minutes."},{"@type":"type.googleapis.com/google.rpc.Help","links":[{"description":"Google developer console IAM admin","url":"https://console.developers.google.com/iam-admin/iam?project=testapp-angular-452b2"}]}]}}
[debug] [2026-08-19T07:17:31.576Z] [iam] error while checking permissions, command may fail: Request to https://cloudresourcemanager.googleapis.com/v1/projects/testapp-angular-452b2:testIamPermissions had HTTP Error: 403, Caller does not have required permission to use project testapp-angular-452b2. Grant the caller the roles/serviceusage.serviceUsageConsumer role, or a custom role with the serviceusage.services.use permission, by visiting https://console.developers.google.com/iam-admin/iam?project=testapp-angular-452b2 and then retry. Propagation of the new permission may take a few minutes.
[debug] [2026-08-19T07:17:31.576Z] Checked if tokens are valid: true, expires at: 1787126946862
[debug] [2026-08-19T07:17:31.576Z] Checked if tokens are valid: true, expires at: 1787126946862
[debug] [2026-08-19T07:17:31.576Z] >>> [apiv2][query] GET https://firebase.googleapis.com/v1beta1/projects/testapp-angular-452b2 [none]
[debug] [2026-08-19T07:17:32.412Z] <<< [apiv2][status] GET https://firebase.googleapis.com/v1beta1/projects/testapp-angular-452b2 403
[debug] [2026-08-19T07:17:32.412Z] <<< [apiv2][body] GET https://firebase.googleapis.com/v1beta1/projects/testapp-angular-452b2 {"error":{"code":403,"message":"The caller does not have permission","status":"PERMISSION_DENIED"}}
[debug] [2026-08-19T07:17:32.412Z] Request to https://firebase.googleapis.com/v1beta1/projects/testapp-angular-452b2 had HTTP Error: 403, The caller does not have permission
[debug] [2026-08-19T07:17:32.414Z] FirebaseError: Request to https://firebase.googleapis.com/v1beta1/projects/testapp-angular-452b2 had HTTP Error: 403, The caller does not have permission
    at responseToError (/Users/tozserbela/.npm/_npx/ba4f1959e38407b5/node_modules/firebase-tools/lib/responseToError.js:53:12)
    at RetryOperation._fn (/Users/tozserbela/.npm/_npx/ba4f1959e38407b5/node_modules/firebase-tools/lib/apiv2.js:415:77)
    at process.processTicksAndRejections (node:internal/process/task_queues:105:5)
[error] 
[error] Error: Failed to get Firebase project testapp-angular-452b2. Please make sure the project exists and your account has permission to access it.
